AR ifid behavioral "C:/Documents and Settings/gonchi/Escritorio/mips_pipeline/IFID.vhd" sub00/vhpl23 1315169538
EN exmem NULL "C:/Documents and Settings/gonchi/Escritorio/mips_pipeline/Exmem.vhd" sub00/vhpl30 1315169545
EN memwb NULL "C:/Documents and Settings/gonchi/Escritorio/mips_pipeline/MemWb.vhd" sub00/vhpl34 1315169549
EN writeback NULL "C:/Documents and Settings/gonchi/Escritorio/mips_pipeline/writeback.vhd" sub00/vhpl36 1315169551
EN instruction_fetch NULL "C:/Documents and Settings/gonchi/Escritorio/mips_pipeline/instruction_fetch.vhd" sub00/vhpl20 1315169535
EN idex NULL "C:/Documents and Settings/gonchi/Escritorio/mips_pipeline/IDEX.vhd" sub00/vhpl26 1315169541
AR mux_2x5 behavioral "C:/Documents and Settings/gonchi/Escritorio/mips_pipeline/mux_2x5.vhd" sub00/vhpl13 1315169528
AR instruction_decode behavioral "C:/Documents and Settings/gonchi/Escritorio/mips_pipeline/instruction_decode.vhd" sub00/vhpl25 1315169540
AR execution behavioral "C:/Documents and Settings/gonchi/Escritorio/mips_pipeline/execution.vhd" sub00/vhpl29 1315169544
EN memory_acc NULL "C:/Documents and Settings/gonchi/Escritorio/mips_pipeline/memory_acc.vhd" sub00/vhpl32 1315169547
EN control_principal NULL "C:/Documents and Settings/gonchi/Escritorio/mips_pipeline/Control_Principal.vhd" sub00/vhpl16 1315169531
EN alu_1bit NULL "C:/Documents and Settings/gonchi/Escritorio/mips_pipeline/alu_1bit.vhd" sub00/vhpl02 1315169517
AR alu_32b behavioral "C:/Documents and Settings/gonchi/Escritorio/mips_pipeline/alu_32bit.vhd" sub00/vhpl09 1315169524
EN execution NULL "C:/Documents and Settings/gonchi/Escritorio/mips_pipeline/execution.vhd" sub00/vhpl28 1315169543
AR idex behavioral "C:/Documents and Settings/gonchi/Escritorio/mips_pipeline/IDEX.vhd" sub00/vhpl27 1315169542
AR mips bhv_str "C:/Documents and Settings/gonchi/Escritorio/mips_pipeline/mips.vhd" sub00/vhpl39 1315169554
AR memwb behavioral "C:/Documents and Settings/gonchi/Escritorio/mips_pipeline/MemWb.vhd" sub00/vhpl35 1315169550
AR memoria bhv "C:/Documents and Settings/gonchi/Escritorio/mips_pipeline/memoria.vhd" sub00/vhpl07 1315169522
EN instruction_decode NULL "C:/Documents and Settings/gonchi/Escritorio/mips_pipeline/instruction_decode.vhd" sub00/vhpl24 1315169539
EN ifid NULL "C:/Documents and Settings/gonchi/Escritorio/mips_pipeline/IFID.vhd" sub00/vhpl22 1315169537
AR reg_file arch "C:/Documents and Settings/gonchi/Escritorio/mips_pipeline/banco_registros.vhd" sub00/vhpl15 1315169530
AR control_alu behavioral "C:/Documents and Settings/gonchi/Escritorio/mips_pipeline/Control_ALU.vhd" sub00/vhpl11 1315169526
EN reg32bit NULL "C:/Documents and Settings/gonchi/Escritorio/mips_pipeline/reg32b.vhd" sub00/vhpl18 1315169533
EN alu_32b NULL "C:/Documents and Settings/gonchi/Escritorio/mips_pipeline/alu_32bit.vhd" sub00/vhpl08 1315169523
EN reg_file NULL "C:/Documents and Settings/gonchi/Escritorio/mips_pipeline/banco_registros.vhd" sub00/vhpl14 1315169529
AR memory_acc behavioral "C:/Documents and Settings/gonchi/Escritorio/mips_pipeline/memory_acc.vhd" sub00/vhpl33 1315169548
EN full_adder NULL "C:/Documents and Settings/gonchi/Escritorio/mips_pipeline/full_adder.vhd" sub00/vhpl00 1315169515
AR instruction_fetch behavioral "C:/Documents and Settings/gonchi/Escritorio/mips_pipeline/instruction_fetch.vhd" sub00/vhpl21 1315169536
EN mips NULL "C:/Documents and Settings/gonchi/Escritorio/mips_pipeline/mips.vhd" sub00/vhpl38 1315169553
EN memoria NULL "C:/Documents and Settings/gonchi/Escritorio/mips_pipeline/memoria.vhd" sub00/vhpl06 1315169521
EN mux_2x32 NULL "C:/Documents and Settings/gonchi/Escritorio/mips_pipeline/mux_2x32.vhd" sub00/vhpl04 1315169519
AR full_adder full_adder_arq "C:/Documents and Settings/gonchi/Escritorio/mips_pipeline/full_adder.vhd" sub00/vhpl01 1315169516
AR alu_1bit behavioral "C:/Documents and Settings/gonchi/Escritorio/mips_pipeline/alu_1bit.vhd" sub00/vhpl03 1315169518
AR exmem behavioral "C:/Documents and Settings/gonchi/Escritorio/mips_pipeline/Exmem.vhd" sub00/vhpl31 1315169546
AR mux_2x32 behavioral "C:/Documents and Settings/gonchi/Escritorio/mips_pipeline/mux_2x32.vhd" sub00/vhpl05 1315169520
AR reg32bit bhv "C:/Documents and Settings/gonchi/Escritorio/mips_pipeline/reg32b.vhd" sub00/vhpl19 1315169534
EN control_alu NULL "C:/Documents and Settings/gonchi/Escritorio/mips_pipeline/Control_ALU.vhd" sub00/vhpl10 1315169525
AR writeback behavioral "C:/Documents and Settings/gonchi/Escritorio/mips_pipeline/writeback.vhd" sub00/vhpl37 1315169552
AR control_principal behavioral "C:/Documents and Settings/gonchi/Escritorio/mips_pipeline/Control_Principal.vhd" sub00/vhpl17 1315169532
EN mux_2x5 NULL "C:/Documents and Settings/gonchi/Escritorio/mips_pipeline/mux_2x5.vhd" sub00/vhpl12 1315169527
