V3 115
FL "C:/Documents and Settings/gonchi/Escritorio/mips_pipeline/alu_1bit.vhd" 2011/07/19.18:28:57 J.36
FL "C:/Documents and Settings/gonchi/Escritorio/mips_pipeline/alu_32bit.vhd" 2011/07/19.18:19:30 J.36
FL "C:/Documents and Settings/gonchi/Escritorio/mips_pipeline/banco_registros.vhd" 2011/09/04.11:44:56 J.36
FL "C:/Documents and Settings/gonchi/Escritorio/mips_pipeline/Control_ALU.vhd" 2011/09/03.19:33:29 J.36
FL "C:/Documents and Settings/gonchi/Escritorio/mips_pipeline/Control_Principal.vhd" 2011/09/03.19:45:15 J.36
FL "C:/Documents and Settings/gonchi/Escritorio/mips_pipeline/execution.vhd" 2011/09/04.09:22:27 J.36
FL "C:/Documents and Settings/gonchi/Escritorio/mips_pipeline/Exmem.vhd" 2011/09/03.18:37:16 J.36
FL "C:/Documents and Settings/gonchi/Escritorio/mips_pipeline/full_adder.vhd" 2011/03/30.18:27:28 J.36
FL "C:/Documents and Settings/gonchi/Escritorio/mips_pipeline/IDEX.vhd" 2011/09/03.18:36:12 J.36
FL "C:/Documents and Settings/gonchi/Escritorio/mips_pipeline/IFID.vhd" 2011/09/03.18:35:29 J.36
FL "C:/Documents and Settings/gonchi/Escritorio/mips_pipeline/instruction_decode.vhd" 2011/08/06.19:51:33 J.36
FL "C:/Documents and Settings/gonchi/Escritorio/mips_pipeline/instruction_fetch.vhd" 2011/09/03.18:34:54 J.36
FL "C:/Documents and Settings/gonchi/Escritorio/mips_pipeline/memoria.vhd" 2011/09/04.11:35:58 J.36
FL "C:/Documents and Settings/gonchi/Escritorio/mips_pipeline/memory_acc.vhd" 2011/09/04.09:46:01 J.36
FL "C:/Documents and Settings/gonchi/Escritorio/mips_pipeline/MemWb.vhd" 2011/09/03.18:37:30 J.36
FL "C:/Documents and Settings/gonchi/Escritorio/mips_pipeline/mips.vhd" 2011/09/04.17:48:46 J.36
FL "C:/Documents and Settings/gonchi/Escritorio/mips_pipeline/mux_2x32.vhd" 2011/07/19.17:35:32 J.36
FL "C:/Documents and Settings/gonchi/Escritorio/mips_pipeline/mux_2x5.vhd" 2011/08/10.19:23:09 J.36
FL "C:/Documents and Settings/gonchi/Escritorio/mips_pipeline/reg32b.vhd" 2011/07/19.13:59:21 J.36
FL "C:/Documents and Settings/gonchi/Escritorio/mips_pipeline/writeback.vhd" 2011/08/06.20:08:54 J.36
FL C:/Users/1/Documents/Materias/mips-pipeline-svn/alu_1bit.vhd 2011/07/19.18:28:56 J.36
EN work/alu_1bit 1324236097 \
      FL C:/Users/1/Documents/Materias/mips-pipeline-svn/alu_1bit.vhd \
      PB ieee/std_logic_1164 1177545575 PB ieee/std_logic_arith 1177545576 \
      PB ieee/STD_LOGIC_UNSIGNED 1177545583
AR work/alu_1bit/Behavioral 1324236098 \
      FL C:/Users/1/Documents/Materias/mips-pipeline-svn/alu_1bit.vhd \
      EN work/alu_1bit 1324236097 CP full_adder
FL C:/Users/1/Documents/Materias/mips-pipeline-svn/alu_32bit.vhd 2011/07/19.18:19:30 J.36
EN work/alu_32b 1324236103 \
      FL C:/Users/1/Documents/Materias/mips-pipeline-svn/alu_32bit.vhd \
      PB ieee/std_logic_1164 1177545575 PB ieee/std_logic_arith 1177545576 \
      PB ieee/STD_LOGIC_UNSIGNED 1177545583
AR work/alu_32b/Behavioral 1324236104 \
      FL C:/Users/1/Documents/Materias/mips-pipeline-svn/alu_32bit.vhd \
      EN work/alu_32b 1324236103 CP alu_1bit
FL C:/Users/1/Documents/Materias/mips-pipeline-svn/ANTICIPACION.vhd 2011/12/18.15:57:32 J.36
EN work/ANTICIPACION 1324236111 \
      FL C:/Users/1/Documents/Materias/mips-pipeline-svn/ANTICIPACION.vhd \
      PB ieee/std_logic_1164 1177545575 PB ieee/std_logic_arith 1177545576 \
      PB ieee/STD_LOGIC_UNSIGNED 1177545583
AR work/ANTICIPACION/Behavioral 1324236112 \
      FL C:/Users/1/Documents/Materias/mips-pipeline-svn/ANTICIPACION.vhd \
      EN work/ANTICIPACION 1324236111
FL C:/Users/1/Documents/Materias/mips-pipeline-svn/banco_registros.vhd 2011/12/18.14:41:04 J.36
EN work/reg_file 1324236113 \
      FL C:/Users/1/Documents/Materias/mips-pipeline-svn/banco_registros.vhd \
      PB ieee/std_logic_1164 1177545575 PH ieee/NUMERIC_STD 1177545583
AR work/reg_file/arch 1324236114 \
      FL C:/Users/1/Documents/Materias/mips-pipeline-svn/banco_registros.vhd \
      EN work/reg_file 1324236113
FL C:/Users/1/Documents/Materias/mips-pipeline-svn/Control_ALU.vhd 2011/09/03.19:33:28 J.36
EN work/Control_ALU 1324236105 \
      FL C:/Users/1/Documents/Materias/mips-pipeline-svn/Control_ALU.vhd \
      PB ieee/std_logic_1164 1177545575 PB ieee/std_logic_arith 1177545576 \
      PB ieee/STD_LOGIC_UNSIGNED 1177545583
AR work/Control_ALU/Behavioral 1324236106 \
      FL C:/Users/1/Documents/Materias/mips-pipeline-svn/Control_ALU.vhd \
      EN work/Control_ALU 1324236105
FL C:/Users/1/Documents/Materias/mips-pipeline-svn/Control_Principal.vhd 2011/12/18.13:30:02 J.36
EN work/Control_Principal 1324236115 \
      FL C:/Users/1/Documents/Materias/mips-pipeline-svn/Control_Principal.vhd \
      PB ieee/std_logic_1164 1177545575 PB ieee/std_logic_arith 1177545576 \
      PB ieee/STD_LOGIC_UNSIGNED 1177545583
AR work/Control_Principal/Behavioral 1324236116 \
      FL C:/Users/1/Documents/Materias/mips-pipeline-svn/Control_Principal.vhd \
      EN work/Control_Principal 1324236115
FL C:/Users/1/Documents/Materias/mips-pipeline-svn/execution.vhd 2011/12/17.17:58:07 J.36
EN work/execution 1324236131 \
      FL C:/Users/1/Documents/Materias/mips-pipeline-svn/execution.vhd \
      PB ieee/std_logic_1164 1177545575 PB ieee/std_logic_arith 1177545576 \
      PB ieee/STD_LOGIC_UNSIGNED 1177545583
AR work/execution/Behavioral 1324236132 \
      FL C:/Users/1/Documents/Materias/mips-pipeline-svn/execution.vhd \
      EN work/execution 1324236131 CP alu_32b CP mux_2x32 CP Control_ALU CP mux_2x5 \
      CP mux_3x32 CP ANTICIPACION
FL C:/Users/1/Documents/Materias/mips-pipeline-svn/Exmem.vhd 2011/12/17.18:46:13 J.36
EN work/Exmem 1324236133 \
      FL C:/Users/1/Documents/Materias/mips-pipeline-svn/Exmem.vhd \
      PB ieee/std_logic_1164 1177545575 PB ieee/std_logic_arith 1177545576 \
      PB ieee/STD_LOGIC_UNSIGNED 1177545583
AR work/Exmem/Behavioral 1324236134 \
      FL C:/Users/1/Documents/Materias/mips-pipeline-svn/Exmem.vhd EN work/Exmem 1324236133
FL C:/Users/1/Documents/Materias/mips-pipeline-svn/full_adder.vhd 2011/03/30.18:27:28 J.36
EN work/full_adder 1324236095 \
      FL C:/Users/1/Documents/Materias/mips-pipeline-svn/full_adder.vhd \
      PB ieee/std_logic_1164 1177545575 PH ieee/NUMERIC_STD 1177545583
AR work/full_adder/full_adder_arq 1324236096 \
      FL C:/Users/1/Documents/Materias/mips-pipeline-svn/full_adder.vhd \
      EN work/full_adder 1324236095
FL C:/Users/1/Documents/Materias/mips-pipeline-svn/IDEX.vhd 2011/09/26.17:56:46 J.36
EN work/IDEX 1324236129 \
      FL C:/Users/1/Documents/Materias/mips-pipeline-svn/IDEX.vhd \
      PB ieee/std_logic_1164 1177545575 PB ieee/std_logic_arith 1177545576 \
      PB ieee/STD_LOGIC_UNSIGNED 1177545583
AR work/IDEX/Behavioral 1324236130 \
      FL C:/Users/1/Documents/Materias/mips-pipeline-svn/IDEX.vhd EN work/IDEX 1324236129
FL C:/Users/1/Documents/Materias/mips-pipeline-svn/IFID.vhd 2011/09/27.16:05:45 J.36
EN work/IFID 1324236125 \
      FL C:/Users/1/Documents/Materias/mips-pipeline-svn/IFID.vhd \
      PB ieee/std_logic_1164 1177545575 PB ieee/std_logic_arith 1177545576 \
      PB ieee/STD_LOGIC_UNSIGNED 1177545583
AR work/IFID/Behavioral 1324236126 \
      FL C:/Users/1/Documents/Materias/mips-pipeline-svn/IFID.vhd EN work/IFID 1324236125
FL C:/Users/1/Documents/Materias/mips-pipeline-svn/instruction_decode.vhd 2011/09/27.14:51:47 J.36
EN work/instruction_decode 1324236127 \
      FL C:/Users/1/Documents/Materias/mips-pipeline-svn/instruction_decode.vhd \
      PB ieee/std_logic_1164 1177545575 PB ieee/std_logic_arith 1177545576 \
      PB ieee/STD_LOGIC_UNSIGNED 1177545583
AR work/instruction_decode/Behavioral 1324236128 \
      FL C:/Users/1/Documents/Materias/mips-pipeline-svn/instruction_decode.vhd \
      EN work/instruction_decode 1324236127 CP reg_file CP Control_Principal \
      CP mux_2x9 CP Unidad_Deteccion_Riesgos
FL C:/Users/1/Documents/Materias/mips-pipeline-svn/instruction_fetch.vhd 2011/09/27.16:00:03 J.36
EN work/instruction_fetch 1324236123 \
      FL C:/Users/1/Documents/Materias/mips-pipeline-svn/instruction_fetch.vhd \
      PB ieee/std_logic_1164 1177545575 PB ieee/std_logic_arith 1177545576 \
      PB ieee/STD_LOGIC_UNSIGNED 1177545583
AR work/instruction_fetch/Behavioral 1324236124 \
      FL C:/Users/1/Documents/Materias/mips-pipeline-svn/instruction_fetch.vhd \
      EN work/instruction_fetch 1324236123 AR work/reg32bit/bhv 1324236122 \
      AR work/memoria/bhv 1324236102 AR work/alu_32b/Behavioral 1324236104 \
      AR work/mux_2x32/Behavioral 1324236100 CP reg32bit CP memoria CP alu_32b \
      CP mux_2x32
FL C:/Users/1/Documents/Materias/mips-pipeline-svn/memoria.vhd 2011/12/18.16:19:25 J.36
EN work/memoria 1324236101 \
      FL C:/Users/1/Documents/Materias/mips-pipeline-svn/memoria.vhd \
      PB ieee/std_logic_1164 1177545575 PB ieee/std_logic_arith 1177545576 \
      PB ieee/STD_LOGIC_UNSIGNED 1177545583
AR work/memoria/bhv 1324236102 \
      FL C:/Users/1/Documents/Materias/mips-pipeline-svn/memoria.vhd \
      EN work/memoria 1324236101
FL C:/Users/1/Documents/Materias/mips-pipeline-svn/memory_acc.vhd 2011/09/04.09:46:00 J.36
EN work/memory_acc 1324236135 \
      FL C:/Users/1/Documents/Materias/mips-pipeline-svn/memory_acc.vhd \
      PB ieee/std_logic_1164 1177545575 PB ieee/std_logic_arith 1177545576 \
      PB ieee/STD_LOGIC_UNSIGNED 1177545583
AR work/memory_acc/Behavioral 1324236136 \
      FL C:/Users/1/Documents/Materias/mips-pipeline-svn/memory_acc.vhd \
      EN work/memory_acc 1324236135 CP memoria
FL C:/Users/1/Documents/Materias/mips-pipeline-svn/MemWb.vhd 2011/09/03.18:37:30 J.36
EN work/MemWb 1324236137 \
      FL C:/Users/1/Documents/Materias/mips-pipeline-svn/MemWb.vhd \
      PB ieee/std_logic_1164 1177545575 PB ieee/std_logic_arith 1177545576 \
      PB ieee/STD_LOGIC_UNSIGNED 1177545583
AR work/MemWb/Behavioral 1324236138 \
      FL C:/Users/1/Documents/Materias/mips-pipeline-svn/MemWb.vhd EN work/MemWb 1324236137
FL C:/Users/1/Documents/Materias/mips-pipeline-svn/mips.vhd 2011/12/18.15:17:50 J.36
EN work/mips 1324236141 \
      FL C:/Users/1/Documents/Materias/mips-pipeline-svn/mips.vhd \
      PB ieee/std_logic_1164 1177545575 PB ieee/std_logic_arith 1177545576 \
      PB ieee/STD_LOGIC_UNSIGNED 1177545583
AR work/mips/bhv_str 1324236142 \
      FL C:/Users/1/Documents/Materias/mips-pipeline-svn/mips.vhd EN work/mips 1324236141 \
      CP instruction_fetch CP ifid CP instruction_decode CP idex CP execution \
      CP exmem CP memory_acc CP memwb CP writeback
FL C:/Users/1/Documents/Materias/mips-pipeline-svn/mux_2x32.vhd 2011/12/17.19:45:51 J.36
EN work/mux_2x32 1324236099 \
      FL C:/Users/1/Documents/Materias/mips-pipeline-svn/mux_2x32.vhd \
      PB ieee/std_logic_1164 1177545575 PB ieee/std_logic_arith 1177545576 \
      PB ieee/STD_LOGIC_UNSIGNED 1177545583
AR work/mux_2x32/Behavioral 1324236100 \
      FL C:/Users/1/Documents/Materias/mips-pipeline-svn/mux_2x32.vhd \
      EN work/mux_2x32 1324236099
FL C:/Users/1/Documents/Materias/mips-pipeline-svn/mux_2x5.vhd 2011/08/10.19:23:08 J.36
EN work/mux_2x5 1324236107 \
      FL C:/Users/1/Documents/Materias/mips-pipeline-svn/mux_2x5.vhd \
      PB ieee/std_logic_1164 1177545575 PB ieee/std_logic_arith 1177545576 \
      PB ieee/STD_LOGIC_UNSIGNED 1177545583
AR work/mux_2x5/Behavioral 1324236108 \
      FL C:/Users/1/Documents/Materias/mips-pipeline-svn/mux_2x5.vhd \
      EN work/mux_2x5 1324236107
FL C:/Users/1/Documents/Materias/mips-pipeline-svn/mux_2x9.vhd 2011/09/27.14:35:43 J.36
EN work/mux_2x9 1324236117 \
      FL C:/Users/1/Documents/Materias/mips-pipeline-svn/mux_2x9.vhd \
      PB ieee/std_logic_1164 1177545575 PB ieee/std_logic_arith 1177545576 \
      PB ieee/STD_LOGIC_UNSIGNED 1177545583
AR work/mux_2x9/Behavioral 1324236118 \
      FL C:/Users/1/Documents/Materias/mips-pipeline-svn/mux_2x9.vhd \
      EN work/mux_2x9 1324236117
FL C:/Users/1/Documents/Materias/mips-pipeline-svn/mux_4x32.vhd 2011/09/26.18:22:42 J.36
EN work/mux_3x32 1324236109 \
      FL C:/Users/1/Documents/Materias/mips-pipeline-svn/mux_4x32.vhd \
      PB ieee/std_logic_1164 1177545575 PB ieee/std_logic_arith 1177545576 \
      PB ieee/STD_LOGIC_UNSIGNED 1177545583
AR work/mux_3x32/Behavioral 1324236110 \
      FL C:/Users/1/Documents/Materias/mips-pipeline-svn/mux_4x32.vhd \
      EN work/mux_3x32 1324236109
FL C:/Users/1/Documents/Materias/mips-pipeline-svn/reg32b.vhd 2011/09/27.15:59:10 J.36
EN work/reg32bit 1324236121 \
      FL C:/Users/1/Documents/Materias/mips-pipeline-svn/reg32b.vhd \
      PB ieee/std_logic_1164 1177545575 PB ieee/std_logic_arith 1177545576 \
      PB ieee/STD_LOGIC_UNSIGNED 1177545583
AR work/reg32bit/bhv 1324236122 \
      FL C:/Users/1/Documents/Materias/mips-pipeline-svn/reg32b.vhd \
      EN work/reg32bit 1324236121
FL C:/Users/1/Documents/Materias/mips-pipeline-svn/Unidad_Deteccion_Riesgos.vhd 2011/09/27.16:16:56 J.36
EN work/Unidad_Deteccion_Riesgos 1324236119 \
      FL C:/Users/1/Documents/Materias/mips-pipeline-svn/Unidad_Deteccion_Riesgos.vhd \
      PB ieee/std_logic_1164 1177545575 PB ieee/std_logic_arith 1177545576 \
      PB ieee/STD_LOGIC_UNSIGNED 1177545583
AR work/Unidad_Deteccion_Riesgos/Behavioral 1324236120 \
      FL C:/Users/1/Documents/Materias/mips-pipeline-svn/Unidad_Deteccion_Riesgos.vhd \
      EN work/Unidad_Deteccion_Riesgos 1324236119
FL C:/Users/1/Documents/Materias/mips-pipeline-svn/writeback.vhd 2011/12/17.18:08:46 J.36
EN work/writeback 1324236139 \
      FL C:/Users/1/Documents/Materias/mips-pipeline-svn/writeback.vhd \
      PB ieee/std_logic_1164 1177545575 PB ieee/std_logic_arith 1177545576 \
      PB ieee/STD_LOGIC_UNSIGNED 1177545583
AR work/writeback/Behavioral 1324236140 \
      FL C:/Users/1/Documents/Materias/mips-pipeline-svn/writeback.vhd \
      EN work/writeback 1324236139 CP mux_2x32
