V3 120
FL "C:/Documents and Settings/gonchi/Escritorio/mips_pipeline/alu_1bit.vhd" 2011/07/19.18:28:57 J.36
FL "C:/Documents and Settings/gonchi/Escritorio/mips_pipeline/alu_32bit.vhd" 2011/07/19.18:19:30 J.36
FL "C:/Documents and Settings/gonchi/Escritorio/mips_pipeline/banco_registros.vhd" 2011/09/04.11:44:56 J.36
FL "C:/Documents and Settings/gonchi/Escritorio/mips_pipeline/Control_ALU.vhd" 2011/09/03.19:33:29 J.36
FL "C:/Documents and Settings/gonchi/Escritorio/mips_pipeline/Control_Principal.vhd" 2011/09/03.19:45:15 J.36
FL "C:/Documents and Settings/gonchi/Escritorio/mips_pipeline/execution.vhd" 2011/09/04.09:22:27 J.36
FL "C:/Documents and Settings/gonchi/Escritorio/mips_pipeline/Exmem.vhd" 2011/09/03.18:37:16 J.36
FL "C:/Documents and Settings/gonchi/Escritorio/mips_pipeline/full_adder.vhd" 2011/03/30.18:27:28 J.36
FL "C:/Documents and Settings/gonchi/Escritorio/mips_pipeline/IDEX.vhd" 2011/09/03.18:36:12 J.36
FL "C:/Documents and Settings/gonchi/Escritorio/mips_pipeline/IFID.vhd" 2011/09/03.18:35:29 J.36
FL "C:/Documents and Settings/gonchi/Escritorio/mips_pipeline/instruction_decode.vhd" 2011/08/06.19:51:33 J.36
FL "C:/Documents and Settings/gonchi/Escritorio/mips_pipeline/instruction_fetch.vhd" 2011/09/03.18:34:54 J.36
FL "C:/Documents and Settings/gonchi/Escritorio/mips_pipeline/memoria.vhd" 2011/09/04.11:35:58 J.36
FL "C:/Documents and Settings/gonchi/Escritorio/mips_pipeline/memory_acc.vhd" 2011/09/04.09:46:01 J.36
FL "C:/Documents and Settings/gonchi/Escritorio/mips_pipeline/MemWb.vhd" 2011/09/03.18:37:30 J.36
FL "C:/Documents and Settings/gonchi/Escritorio/mips_pipeline/mips.vhd" 2011/09/04.12:28:45 J.36
FL "C:/Documents and Settings/gonchi/Escritorio/mips_pipeline/mips_tb_selfcheck_beh.vhd" 2011/09/04.12:37:26 J.36
FL "C:/Documents and Settings/gonchi/Escritorio/mips_pipeline/mux_2x32.vhd" 2011/07/19.17:35:32 J.36
FL "C:/Documents and Settings/gonchi/Escritorio/mips_pipeline/mux_2x5.vhd" 2011/08/10.19:23:09 J.36
FL "C:/Documents and Settings/gonchi/Escritorio/mips_pipeline/reg32b.vhd" 2011/07/19.13:59:21 J.36
FL "C:/Documents and Settings/gonchi/Escritorio/mips_pipeline/writeback.vhd" 2011/08/06.20:08:54 J.36
FL C:/Users/1/Documents/Materias/mips-pipeline-svn/alu_1bit.vhd 2011/07/19.18:28:56 J.36
EN isim_temp/alu_1bit 1322940767 \
      FL C:/Users/1/Documents/Materias/mips-pipeline-svn/alu_1bit.vhd \
      PB ieee/std_logic_1164 1179176983 PB ieee/std_logic_arith 1179176985 \
      PB ieee/STD_LOGIC_UNSIGNED 1179176991
AR isim_temp/alu_1bit/Behavioral 1322940768 \
      FL C:/Users/1/Documents/Materias/mips-pipeline-svn/alu_1bit.vhd \
      EN isim_temp/alu_1bit 1322940767 CP full_adder
FL C:/Users/1/Documents/Materias/mips-pipeline-svn/alu_32bit.vhd 2011/07/19.18:19:30 J.36
EN isim_temp/alu_32b 1322940773 \
      FL C:/Users/1/Documents/Materias/mips-pipeline-svn/alu_32bit.vhd \
      PB ieee/std_logic_1164 1179176983 PB ieee/std_logic_arith 1179176985 \
      PB ieee/STD_LOGIC_UNSIGNED 1179176991
AR isim_temp/alu_32b/Behavioral 1322940774 \
      FL C:/Users/1/Documents/Materias/mips-pipeline-svn/alu_32bit.vhd \
      EN isim_temp/alu_32b 1322940773 CP alu_1bit
FL C:/Users/1/Documents/Materias/mips-pipeline-svn/ANTICIPACION.vhd 2011/09/26.20:59:45 J.36
EN isim_temp/ANTICIPACION 1322940781 \
      FL C:/Users/1/Documents/Materias/mips-pipeline-svn/ANTICIPACION.vhd \
      PB ieee/std_logic_1164 1179176983 PB ieee/std_logic_arith 1179176985 \
      PB ieee/STD_LOGIC_UNSIGNED 1179176991
AR isim_temp/ANTICIPACION/Behavioral 1322940782 \
      FL C:/Users/1/Documents/Materias/mips-pipeline-svn/ANTICIPACION.vhd \
      EN isim_temp/ANTICIPACION 1322940781
FL C:/Users/1/Documents/Materias/mips-pipeline-svn/banco_registros.vhd 2011/09/04.11:44:56 J.36
EN isim_temp/reg_file 1322940783 \
      FL C:/Users/1/Documents/Materias/mips-pipeline-svn/banco_registros.vhd \
      PB ieee/std_logic_1164 1179176983 PB ieee/NUMERIC_STD 1179176997
AR isim_temp/reg_file/arch 1322940784 \
      FL C:/Users/1/Documents/Materias/mips-pipeline-svn/banco_registros.vhd \
      EN isim_temp/reg_file 1322940783
FL C:/Users/1/Documents/Materias/mips-pipeline-svn/Control_ALU.vhd 2011/09/03.19:33:28 J.36
EN isim_temp/Control_ALU 1322940775 \
      FL C:/Users/1/Documents/Materias/mips-pipeline-svn/Control_ALU.vhd \
      PB ieee/std_logic_1164 1179176983 PB ieee/std_logic_arith 1179176985 \
      PB ieee/STD_LOGIC_UNSIGNED 1179176991
AR isim_temp/Control_ALU/Behavioral 1322940776 \
      FL C:/Users/1/Documents/Materias/mips-pipeline-svn/Control_ALU.vhd \
      EN isim_temp/Control_ALU 1322940775
FL C:/Users/1/Documents/Materias/mips-pipeline-svn/Control_Principal.vhd 2011/09/03.19:45:14 J.36
EN isim_temp/Control_Principal 1322940785 \
      FL C:/Users/1/Documents/Materias/mips-pipeline-svn/Control_Principal.vhd \
      PB ieee/std_logic_1164 1179176983 PB ieee/std_logic_arith 1179176985 \
      PB ieee/STD_LOGIC_UNSIGNED 1179176991
AR isim_temp/Control_Principal/Behavioral 1322940786 \
      FL C:/Users/1/Documents/Materias/mips-pipeline-svn/Control_Principal.vhd \
      EN isim_temp/Control_Principal 1322940785
FL C:/Users/1/Documents/Materias/mips-pipeline-svn/execution.vhd 2011/09/27.14:07:51 J.36
EN isim_temp/execution 1322940801 \
      FL C:/Users/1/Documents/Materias/mips-pipeline-svn/execution.vhd \
      PB ieee/std_logic_1164 1179176983 PB ieee/std_logic_arith 1179176985 \
      PB ieee/STD_LOGIC_UNSIGNED 1179176991
AR isim_temp/execution/Behavioral 1322940802 \
      FL C:/Users/1/Documents/Materias/mips-pipeline-svn/execution.vhd \
      EN isim_temp/execution 1322940801 CP alu_32b CP Control_ALU CP mux_2x5 \
      CP mux_3x32 CP ANTICIPACION
FL C:/Users/1/Documents/Materias/mips-pipeline-svn/Exmem.vhd 2011/09/03.18:37:16 J.36
EN isim_temp/Exmem 1322940803 \
      FL C:/Users/1/Documents/Materias/mips-pipeline-svn/Exmem.vhd \
      PB ieee/std_logic_1164 1179176983 PB ieee/std_logic_arith 1179176985 \
      PB ieee/STD_LOGIC_UNSIGNED 1179176991
AR isim_temp/Exmem/Behavioral 1322940804 \
      FL C:/Users/1/Documents/Materias/mips-pipeline-svn/Exmem.vhd \
      EN isim_temp/Exmem 1322940803
FL C:/Users/1/Documents/Materias/mips-pipeline-svn/full_adder.vhd 2011/03/30.18:27:28 J.36
EN isim_temp/full_adder 1322940765 \
      FL C:/Users/1/Documents/Materias/mips-pipeline-svn/full_adder.vhd \
      PB ieee/std_logic_1164 1179176983 PB ieee/NUMERIC_STD 1179176997
AR isim_temp/full_adder/full_adder_arq 1322940766 \
      FL C:/Users/1/Documents/Materias/mips-pipeline-svn/full_adder.vhd \
      EN isim_temp/full_adder 1322940765
FL C:/Users/1/Documents/Materias/mips-pipeline-svn/IDEX.vhd 2011/09/26.17:56:46 J.36
EN isim_temp/IDEX 1322940799 \
      FL C:/Users/1/Documents/Materias/mips-pipeline-svn/IDEX.vhd \
      PB ieee/std_logic_1164 1179176983 PB ieee/std_logic_arith 1179176985 \
      PB ieee/STD_LOGIC_UNSIGNED 1179176991
AR isim_temp/IDEX/Behavioral 1322940800 \
      FL C:/Users/1/Documents/Materias/mips-pipeline-svn/IDEX.vhd \
      EN isim_temp/IDEX 1322940799
FL C:/Users/1/Documents/Materias/mips-pipeline-svn/IFID.vhd 2011/09/27.16:05:45 J.36
EN isim_temp/IFID 1322940795 \
      FL C:/Users/1/Documents/Materias/mips-pipeline-svn/IFID.vhd \
      PB ieee/std_logic_1164 1179176983 PB ieee/std_logic_arith 1179176985 \
      PB ieee/STD_LOGIC_UNSIGNED 1179176991
AR isim_temp/IFID/Behavioral 1322940796 \
      FL C:/Users/1/Documents/Materias/mips-pipeline-svn/IFID.vhd \
      EN isim_temp/IFID 1322940795
FL C:/Users/1/Documents/Materias/mips-pipeline-svn/instruction_decode.vhd 2011/09/27.14:51:47 J.36
EN isim_temp/instruction_decode 1322940797 \
      FL C:/Users/1/Documents/Materias/mips-pipeline-svn/instruction_decode.vhd \
      PB ieee/std_logic_1164 1179176983 PB ieee/std_logic_arith 1179176985 \
      PB ieee/STD_LOGIC_UNSIGNED 1179176991
AR isim_temp/instruction_decode/Behavioral 1322940798 \
      FL C:/Users/1/Documents/Materias/mips-pipeline-svn/instruction_decode.vhd \
      EN isim_temp/instruction_decode 1322940797 CP reg_file CP Control_Principal \
      CP mux_2x9 CP Unidad_Deteccion_Riesgos
FL C:/Users/1/Documents/Materias/mips-pipeline-svn/instruction_fetch.vhd 2011/09/27.16:00:03 J.36
EN isim_temp/instruction_fetch 1322940793 \
      FL C:/Users/1/Documents/Materias/mips-pipeline-svn/instruction_fetch.vhd \
      PB ieee/std_logic_1164 1179176983 PB ieee/std_logic_arith 1179176985 \
      PB ieee/STD_LOGIC_UNSIGNED 1179176991
AR isim_temp/instruction_fetch/Behavioral 1322940794 \
      FL C:/Users/1/Documents/Materias/mips-pipeline-svn/instruction_fetch.vhd \
      EN isim_temp/instruction_fetch 1322940793 AR isim_temp/reg32bit/bhv 1322940792 \
      AR isim_temp/memoria/bhv 1322940772 AR isim_temp/alu_32b/Behavioral 1322940774 \
      AR isim_temp/mux_2x32/Behavioral 1322940770 CP reg32bit CP memoria CP alu_32b \
      CP mux_2x32
FL C:/Users/1/Documents/Materias/mips-pipeline-svn/memoria.vhd 2011/12/03.16:29:24 J.36
EN isim_temp/memoria 1322940771 \
      FL C:/Users/1/Documents/Materias/mips-pipeline-svn/memoria.vhd \
      PB ieee/std_logic_1164 1179176983 PB ieee/std_logic_arith 1179176985 \
      PB ieee/STD_LOGIC_UNSIGNED 1179176991
AR isim_temp/memoria/bhv 1322940772 \
      FL C:/Users/1/Documents/Materias/mips-pipeline-svn/memoria.vhd \
      EN isim_temp/memoria 1322940771
FL C:/Users/1/Documents/Materias/mips-pipeline-svn/memory_acc.vhd 2011/09/04.09:46:00 J.36
EN isim_temp/memory_acc 1322940805 \
      FL C:/Users/1/Documents/Materias/mips-pipeline-svn/memory_acc.vhd \
      PB ieee/std_logic_1164 1179176983 PB ieee/std_logic_arith 1179176985 \
      PB ieee/STD_LOGIC_UNSIGNED 1179176991
AR isim_temp/memory_acc/Behavioral 1322940806 \
      FL C:/Users/1/Documents/Materias/mips-pipeline-svn/memory_acc.vhd \
      EN isim_temp/memory_acc 1322940805 CP memoria
FL C:/Users/1/Documents/Materias/mips-pipeline-svn/MemWb.vhd 2011/09/03.18:37:30 J.36
EN isim_temp/MemWb 1322940807 \
      FL C:/Users/1/Documents/Materias/mips-pipeline-svn/MemWb.vhd \
      PB ieee/std_logic_1164 1179176983 PB ieee/std_logic_arith 1179176985 \
      PB ieee/STD_LOGIC_UNSIGNED 1179176991
AR isim_temp/MemWb/Behavioral 1322940808 \
      FL C:/Users/1/Documents/Materias/mips-pipeline-svn/MemWb.vhd \
      EN isim_temp/MemWb 1322940807
FL C:/Users/1/Documents/Materias/mips-pipeline-svn/mips.vhd 2011/09/27.16:06:08 J.36
EN isim_temp/mips 1322940811 \
      FL C:/Users/1/Documents/Materias/mips-pipeline-svn/mips.vhd \
      PB ieee/std_logic_1164 1179176983 PB ieee/std_logic_arith 1179176985 \
      PB ieee/STD_LOGIC_UNSIGNED 1179176991
AR isim_temp/mips/bhv_str 1322940812 \
      FL C:/Users/1/Documents/Materias/mips-pipeline-svn/mips.vhd \
      EN isim_temp/mips 1322940811 CP instruction_fetch CP ifid \
      CP instruction_decode CP idex CP execution CP exmem CP memory_acc CP memwb \
      CP writeback
FL C:/Users/1/Documents/Materias/mips-pipeline-svn/mips_tb_selfcheck_beh.vhd 2011/09/04.12:37:26 J.36
EN isim_temp/mips_tb_selfcheck_beh 1322940813 \
      FL C:/Users/1/Documents/Materias/mips-pipeline-svn/mips_tb_selfcheck_beh.vhd \
      PB ieee/std_logic_1164 1179176983 PB ieee/std_logic_arith 1179176985 \
      PB ieee/STD_LOGIC_UNSIGNED 1179176991 PB ieee/STD_LOGIC_TEXTIO 1179176993 \
      PB std/textio 1179176969
AR isim_temp/mips_tb_selfcheck_beh/testbench_arch 1322940814 \
      FL C:/Users/1/Documents/Materias/mips-pipeline-svn/mips_tb_selfcheck_beh.vhd \
      EN isim_temp/mips_tb_selfcheck_beh 1322940813 CP mips \
      PB ieee/STD_LOGIC_TEXTIO 1179176993
FL C:/Users/1/Documents/Materias/mips-pipeline-svn/mux_2x32.vhd 2011/07/19.17:35:32 J.36
EN isim_temp/mux_2x32 1322940769 \
      FL C:/Users/1/Documents/Materias/mips-pipeline-svn/mux_2x32.vhd \
      PB ieee/std_logic_1164 1179176983 PB ieee/std_logic_arith 1179176985 \
      PB ieee/STD_LOGIC_UNSIGNED 1179176991
AR isim_temp/mux_2x32/Behavioral 1322940770 \
      FL C:/Users/1/Documents/Materias/mips-pipeline-svn/mux_2x32.vhd \
      EN isim_temp/mux_2x32 1322940769
FL C:/Users/1/Documents/Materias/mips-pipeline-svn/mux_2x5.vhd 2011/08/10.19:23:08 J.36
EN isim_temp/mux_2x5 1322940777 \
      FL C:/Users/1/Documents/Materias/mips-pipeline-svn/mux_2x5.vhd \
      PB ieee/std_logic_1164 1179176983 PB ieee/std_logic_arith 1179176985 \
      PB ieee/STD_LOGIC_UNSIGNED 1179176991
AR isim_temp/mux_2x5/Behavioral 1322940778 \
      FL C:/Users/1/Documents/Materias/mips-pipeline-svn/mux_2x5.vhd \
      EN isim_temp/mux_2x5 1322940777
FL C:/Users/1/Documents/Materias/mips-pipeline-svn/mux_2x9.vhd 2011/09/27.14:35:43 J.36
EN isim_temp/mux_2x9 1322940787 \
      FL C:/Users/1/Documents/Materias/mips-pipeline-svn/mux_2x9.vhd \
      PB ieee/std_logic_1164 1179176983 PB ieee/std_logic_arith 1179176985 \
      PB ieee/STD_LOGIC_UNSIGNED 1179176991
AR isim_temp/mux_2x9/Behavioral 1322940788 \
      FL C:/Users/1/Documents/Materias/mips-pipeline-svn/mux_2x9.vhd \
      EN isim_temp/mux_2x9 1322940787
FL C:/Users/1/Documents/Materias/mips-pipeline-svn/mux_4x32.vhd 2011/09/26.18:22:42 J.36
EN isim_temp/mux_3x32 1322940779 \
      FL C:/Users/1/Documents/Materias/mips-pipeline-svn/mux_4x32.vhd \
      PB ieee/std_logic_1164 1179176983 PB ieee/std_logic_arith 1179176985 \
      PB ieee/STD_LOGIC_UNSIGNED 1179176991
AR isim_temp/mux_3x32/Behavioral 1322940780 \
      FL C:/Users/1/Documents/Materias/mips-pipeline-svn/mux_4x32.vhd \
      EN isim_temp/mux_3x32 1322940779
FL C:/Users/1/Documents/Materias/mips-pipeline-svn/reg32b.vhd 2011/09/27.15:59:10 J.36
EN isim_temp/reg32bit 1322940791 \
      FL C:/Users/1/Documents/Materias/mips-pipeline-svn/reg32b.vhd \
      PB ieee/std_logic_1164 1179176983 PB ieee/std_logic_arith 1179176985 \
      PB ieee/STD_LOGIC_UNSIGNED 1179176991
AR isim_temp/reg32bit/bhv 1322940792 \
      FL C:/Users/1/Documents/Materias/mips-pipeline-svn/reg32b.vhd \
      EN isim_temp/reg32bit 1322940791
FL C:/Users/1/Documents/Materias/mips-pipeline-svn/Unidad_Deteccion_Riesgos.vhd 2011/09/27.16:16:56 J.36
EN isim_temp/Unidad_Deteccion_Riesgos 1322940789 \
      FL C:/Users/1/Documents/Materias/mips-pipeline-svn/Unidad_Deteccion_Riesgos.vhd \
      PB ieee/std_logic_1164 1179176983 PB ieee/std_logic_arith 1179176985 \
      PB ieee/STD_LOGIC_UNSIGNED 1179176991
AR isim_temp/Unidad_Deteccion_Riesgos/Behavioral 1322940790 \
      FL C:/Users/1/Documents/Materias/mips-pipeline-svn/Unidad_Deteccion_Riesgos.vhd \
      EN isim_temp/Unidad_Deteccion_Riesgos 1322940789
FL C:/Users/1/Documents/Materias/mips-pipeline-svn/writeback.vhd 2011/08/06.20:08:54 J.36
EN isim_temp/writeback 1322940809 \
      FL C:/Users/1/Documents/Materias/mips-pipeline-svn/writeback.vhd \
      PB ieee/std_logic_1164 1179176983 PB ieee/std_logic_arith 1179176985 \
      PB ieee/STD_LOGIC_UNSIGNED 1179176991
AR isim_temp/writeback/Behavioral 1322940810 \
      FL C:/Users/1/Documents/Materias/mips-pipeline-svn/writeback.vhd \
      EN isim_temp/writeback 1322940809 CP mux_2x32
