V3 190
FL "C:/Documents and Settings/gonchi/Escritorio/mips_pipeline/alu_1bit.vhd" 2011/07/19.18:28:57 J.36
FL "C:/Documents and Settings/gonchi/Escritorio/mips_pipeline/alu_32bit.vhd" 2011/07/19.18:19:30 J.36
FL "C:/Documents and Settings/gonchi/Escritorio/mips_pipeline/banco_registros.vhd" 2011/09/04.11:44:56 J.36
FL "C:/Documents and Settings/gonchi/Escritorio/mips_pipeline/Control_ALU.vhd" 2011/09/03.19:33:29 J.36
FL "C:/Documents and Settings/gonchi/Escritorio/mips_pipeline/Control_Principal.vhd" 2011/09/03.19:45:15 J.36
FL "C:/Documents and Settings/gonchi/Escritorio/mips_pipeline/execution.vhd" 2011/09/04.09:22:27 J.36
FL "C:/Documents and Settings/gonchi/Escritorio/mips_pipeline/Exmem.vhd" 2011/09/03.18:37:16 J.36
FL "C:/Documents and Settings/gonchi/Escritorio/mips_pipeline/full_adder.vhd" 2011/03/30.18:27:28 J.36
FL "C:/Documents and Settings/gonchi/Escritorio/mips_pipeline/IDEX.vhd" 2011/09/03.18:36:12 J.36
FL "C:/Documents and Settings/gonchi/Escritorio/mips_pipeline/IFID.vhd" 2011/09/03.18:35:29 J.36
FL "C:/Documents and Settings/gonchi/Escritorio/mips_pipeline/instruction_decode.vhd" 2011/08/06.19:51:33 J.36
FL "C:/Documents and Settings/gonchi/Escritorio/mips_pipeline/instruction_fetch.vhd" 2011/09/03.18:34:54 J.36
FL "C:/Documents and Settings/gonchi/Escritorio/mips_pipeline/memoria.vhd" 2011/09/04.11:35:58 J.36
FL "C:/Documents and Settings/gonchi/Escritorio/mips_pipeline/memory_acc.vhd" 2011/09/04.09:46:01 J.36
FL "C:/Documents and Settings/gonchi/Escritorio/mips_pipeline/MemWb.vhd" 2011/09/03.18:37:30 J.36
FL "C:/Documents and Settings/gonchi/Escritorio/mips_pipeline/mips.vhd" 2011/09/04.17:48:46 J.36
FL "C:/Documents and Settings/gonchi/Escritorio/mips_pipeline/mips_tb.ant" 2011/09/04.12:37:16 J.36
FL "C:/Documents and Settings/gonchi/Escritorio/mips_pipeline/mips_tb.vhw" 2011/09/04.12:39:16 J.36
EN work/mips_tb 1315150764 \
      FL "C:/Documents and Settings/gonchi/Escritorio/mips_pipeline/mips_tb.vhw" \
      PB ieee/std_logic_1164 1179176983 PB ieee/std_logic_arith 1179176985 \
      PB ieee/STD_LOGIC_UNSIGNED 1179176991 PB ieee/STD_LOGIC_TEXTIO 1179176993 \
      PB std/textio 1179176969
AR work/mips_tb/testbench_arch 1315150765 \
      FL "C:/Documents and Settings/gonchi/Escritorio/mips_pipeline/mips_tb.vhw" \
      EN work/mips_tb 1315150764 CP mips
FL "C:/Documents and Settings/gonchi/Escritorio/mips_pipeline/mips_tb1.vhw" 2011/09/04.17:48:46 J.36
EN work/mips_tb1 1315169344 \
      FL "C:/Documents and Settings/gonchi/Escritorio/mips_pipeline/mips_tb1.vhw" \
      PB ieee/std_logic_1164 1179176983 PB ieee/std_logic_arith 1179176985 \
      PB ieee/STD_LOGIC_UNSIGNED 1179176991 PB ieee/STD_LOGIC_TEXTIO 1179176993 \
      PB std/textio 1179176969
AR work/mips_tb1/testbench_arch 1315169345 \
      FL "C:/Documents and Settings/gonchi/Escritorio/mips_pipeline/mips_tb1.vhw" \
      EN work/mips_tb1 1315169344 CP mips
FL "C:/Documents and Settings/gonchi/Escritorio/mips_pipeline/mips_tb_selfcheck_beh.vhd" 2011/09/04.12:37:26 J.36
FL "C:/Documents and Settings/gonchi/Escritorio/mips_pipeline/mux_2x32.vhd" 2011/07/19.17:35:32 J.36
FL "C:/Documents and Settings/gonchi/Escritorio/mips_pipeline/mux_2x5.vhd" 2011/08/10.19:23:09 J.36
FL "C:/Documents and Settings/gonchi/Escritorio/mips_pipeline/reg32b.vhd" 2011/07/19.13:59:21 J.36
FL "C:/Documents and Settings/gonchi/Escritorio/mips_pipeline/writeback.vhd" 2011/08/06.20:08:54 J.36
FL C:/Users/1/Documents/Materias/mips-pipeline-svn/alu_1bit.vhd 2011/07/19.18:28:56 J.36
EN work/alu_1bit 1322940774 \
      FL C:/Users/1/Documents/Materias/mips-pipeline-svn/alu_1bit.vhd \
      PB ieee/std_logic_1164 1179176983 PB ieee/std_logic_arith 1179176985 \
      PB ieee/STD_LOGIC_UNSIGNED 1179176991
AR work/alu_1bit/Behavioral 1322940775 \
      FL C:/Users/1/Documents/Materias/mips-pipeline-svn/alu_1bit.vhd \
      EN work/alu_1bit 1322940774 CP full_adder
FL C:/Users/1/Documents/Materias/mips-pipeline-svn/alu_32bit.vhd 2011/07/19.18:19:30 J.36
EN work/alu_32b 1322940780 \
      FL C:/Users/1/Documents/Materias/mips-pipeline-svn/alu_32bit.vhd \
      PB ieee/std_logic_1164 1179176983 PB ieee/std_logic_arith 1179176985 \
      PB ieee/STD_LOGIC_UNSIGNED 1179176991
AR work/alu_32b/Behavioral 1322940781 \
      FL C:/Users/1/Documents/Materias/mips-pipeline-svn/alu_32bit.vhd \
      EN work/alu_32b 1322940780 CP alu_1bit
FL C:/Users/1/Documents/Materias/mips-pipeline-svn/ANTICIPACION.vhd 2011/12/18.15:57:32 J.36
EN work/ANTICIPACION 1324234818 \
      FL C:/Users/1/Documents/Materias/mips-pipeline-svn/ANTICIPACION.vhd \
      PB ieee/std_logic_1164 1179176983 PB ieee/std_logic_arith 1179176985 \
      PB ieee/STD_LOGIC_UNSIGNED 1179176991
AR work/ANTICIPACION/Behavioral 1324234819 \
      FL C:/Users/1/Documents/Materias/mips-pipeline-svn/ANTICIPACION.vhd \
      EN work/ANTICIPACION 1324234818
FL C:/Users/1/Documents/Materias/mips-pipeline-svn/banco_registros.vhd 2011/12/18.14:41:04 J.36
EN work/reg_file 1324230217 \
      FL C:/Users/1/Documents/Materias/mips-pipeline-svn/banco_registros.vhd \
      PB ieee/std_logic_1164 1179176983 PB ieee/NUMERIC_STD 1179176997
AR work/reg_file/arch 1324230218 \
      FL C:/Users/1/Documents/Materias/mips-pipeline-svn/banco_registros.vhd \
      EN work/reg_file 1324230217
FL C:/Users/1/Documents/Materias/mips-pipeline-svn/complemto.vhw 2011/12/17.20:38:51 J.36
EN work/complemto 1324225451 \
      FL C:/Users/1/Documents/Materias/mips-pipeline-svn/complemto.vhw \
      PB ieee/std_logic_1164 1179176983 PB ieee/std_logic_arith 1179176985 \
      PB ieee/STD_LOGIC_UNSIGNED 1179176991 PB ieee/STD_LOGIC_TEXTIO 1179176993 \
      PB std/textio 1179176969
AR work/complemto/testbench_arch 1324225452 \
      FL C:/Users/1/Documents/Materias/mips-pipeline-svn/complemto.vhw \
      EN work/complemto 1324225451 CP mips
FL C:/Users/1/Documents/Materias/mips-pipeline-svn/Control_ALU.vhd 2011/09/03.19:33:28 J.36
EN work/Control_ALU 1322940782 \
      FL C:/Users/1/Documents/Materias/mips-pipeline-svn/Control_ALU.vhd \
      PB ieee/std_logic_1164 1179176983 PB ieee/std_logic_arith 1179176985 \
      PB ieee/STD_LOGIC_UNSIGNED 1179176991
AR work/Control_ALU/Behavioral 1322940783 \
      FL C:/Users/1/Documents/Materias/mips-pipeline-svn/Control_ALU.vhd \
      EN work/Control_ALU 1322940782
FL C:/Users/1/Documents/Materias/mips-pipeline-svn/Control_Principal.vhd 2011/12/18.13:30:02 J.36
EN work/Control_Principal 1324225995 \
      FL C:/Users/1/Documents/Materias/mips-pipeline-svn/Control_Principal.vhd \
      PB ieee/std_logic_1164 1179176983 PB ieee/std_logic_arith 1179176985 \
      PB ieee/STD_LOGIC_UNSIGNED 1179176991
AR work/Control_Principal/Behavioral 1324225996 \
      FL C:/Users/1/Documents/Materias/mips-pipeline-svn/Control_Principal.vhd \
      EN work/Control_Principal 1324225995
FL C:/Users/1/Documents/Materias/mips-pipeline-svn/execution.vhd 2011/12/17.17:58:07 J.36
EN work/execution 1324234822 \
      FL C:/Users/1/Documents/Materias/mips-pipeline-svn/execution.vhd \
      PB ieee/std_logic_1164 1179176983 PB ieee/std_logic_arith 1179176985 \
      PB ieee/STD_LOGIC_UNSIGNED 1179176991
AR work/execution/Behavioral 1324234823 \
      FL C:/Users/1/Documents/Materias/mips-pipeline-svn/execution.vhd \
      EN work/execution 1324234822 CP alu_32b CP mux_2x32 CP Control_ALU CP mux_2x5 \
      CP mux_3x32 CP ANTICIPACION
FL C:/Users/1/Documents/Materias/mips-pipeline-svn/Exmem.vhd 2011/12/17.18:46:13 J.36
EN work/Exmem 1324158583 \
      FL C:/Users/1/Documents/Materias/mips-pipeline-svn/Exmem.vhd \
      PB ieee/std_logic_1164 1179176983 PB ieee/std_logic_arith 1179176985 \
      PB ieee/STD_LOGIC_UNSIGNED 1179176991
AR work/Exmem/Behavioral 1324158584 \
      FL C:/Users/1/Documents/Materias/mips-pipeline-svn/Exmem.vhd EN work/Exmem 1324158583
FL C:/Users/1/Documents/Materias/mips-pipeline-svn/full_adder.vhd 2011/03/30.18:27:28 J.36
EN work/full_adder 1322940772 \
      FL C:/Users/1/Documents/Materias/mips-pipeline-svn/full_adder.vhd \
      PB ieee/std_logic_1164 1179176983 PB ieee/NUMERIC_STD 1179176997
AR work/full_adder/full_adder_arq 1322940773 \
      FL C:/Users/1/Documents/Materias/mips-pipeline-svn/full_adder.vhd \
      EN work/full_adder 1322940772
FL C:/Users/1/Documents/Materias/mips-pipeline-svn/IDEX.vhd 2011/09/26.17:56:46 J.36
EN work/IDEX 1322940806 \
      FL C:/Users/1/Documents/Materias/mips-pipeline-svn/IDEX.vhd \
      PB ieee/std_logic_1164 1179176983 PB ieee/std_logic_arith 1179176985 \
      PB ieee/STD_LOGIC_UNSIGNED 1179176991
AR work/IDEX/Behavioral 1322940807 \
      FL C:/Users/1/Documents/Materias/mips-pipeline-svn/IDEX.vhd EN work/IDEX 1322940806
FL C:/Users/1/Documents/Materias/mips-pipeline-svn/IFID.vhd 2011/09/27.16:05:45 J.36
EN work/IFID 1322940802 \
      FL C:/Users/1/Documents/Materias/mips-pipeline-svn/IFID.vhd \
      PB ieee/std_logic_1164 1179176983 PB ieee/std_logic_arith 1179176985 \
      PB ieee/STD_LOGIC_UNSIGNED 1179176991
AR work/IFID/Behavioral 1322940803 \
      FL C:/Users/1/Documents/Materias/mips-pipeline-svn/IFID.vhd EN work/IFID 1322940802
FL C:/Users/1/Documents/Materias/mips-pipeline-svn/instruction_decode.vhd 2011/09/27.14:51:47 J.36
EN work/instruction_decode 1324230219 \
      FL C:/Users/1/Documents/Materias/mips-pipeline-svn/instruction_decode.vhd \
      PB ieee/std_logic_1164 1179176983 PB ieee/std_logic_arith 1179176985 \
      PB ieee/STD_LOGIC_UNSIGNED 1179176991
AR work/instruction_decode/Behavioral 1324230220 \
      FL C:/Users/1/Documents/Materias/mips-pipeline-svn/instruction_decode.vhd \
      EN work/instruction_decode 1324230219 CP reg_file CP Control_Principal \
      CP mux_2x9 CP Unidad_Deteccion_Riesgos
FL C:/Users/1/Documents/Materias/mips-pipeline-svn/instruction_fetch.vhd 2011/09/27.16:00:03 J.36
EN work/instruction_fetch 1324236194 \
      FL C:/Users/1/Documents/Materias/mips-pipeline-svn/instruction_fetch.vhd \
      PB ieee/std_logic_1164 1179176983 PB ieee/std_logic_arith 1179176985 \
      PB ieee/STD_LOGIC_UNSIGNED 1179176991
AR work/instruction_fetch/Behavioral 1324236195 \
      FL C:/Users/1/Documents/Materias/mips-pipeline-svn/instruction_fetch.vhd \
      EN work/instruction_fetch 1324236194 AR work/reg32bit/bhv 1322940799 \
      AR work/memoria/bhv 1324236193 AR work/alu_32b/Behavioral 1322940781 \
      AR work/mux_2x32/Behavioral 1324162149 CP reg32bit CP memoria CP alu_32b \
      CP mux_2x32
FL C:/Users/1/Documents/Materias/mips-pipeline-svn/memoria.vhd 2011/12/18.16:19:25 J.36
EN work/memoria 1324236192 \
      FL C:/Users/1/Documents/Materias/mips-pipeline-svn/memoria.vhd \
      PB ieee/std_logic_1164 1179176983 PB ieee/std_logic_arith 1179176985 \
      PB ieee/STD_LOGIC_UNSIGNED 1179176991
AR work/memoria/bhv 1324236193 \
      FL C:/Users/1/Documents/Materias/mips-pipeline-svn/memoria.vhd \
      EN work/memoria 1324236192
FL C:/Users/1/Documents/Materias/mips-pipeline-svn/memory_acc.vhd 2011/09/04.09:46:00 J.36
EN work/memory_acc 1324236196 \
      FL C:/Users/1/Documents/Materias/mips-pipeline-svn/memory_acc.vhd \
      PB ieee/std_logic_1164 1179176983 PB ieee/std_logic_arith 1179176985 \
      PB ieee/STD_LOGIC_UNSIGNED 1179176991
AR work/memory_acc/Behavioral 1324236197 \
      FL C:/Users/1/Documents/Materias/mips-pipeline-svn/memory_acc.vhd \
      EN work/memory_acc 1324236196 CP memoria
FL C:/Users/1/Documents/Materias/mips-pipeline-svn/MemWb.vhd 2011/09/03.18:37:30 J.36
EN work/MemWb 1322940814 \
      FL C:/Users/1/Documents/Materias/mips-pipeline-svn/MemWb.vhd \
      PB ieee/std_logic_1164 1179176983 PB ieee/std_logic_arith 1179176985 \
      PB ieee/STD_LOGIC_UNSIGNED 1179176991
AR work/MemWb/Behavioral 1322940815 \
      FL C:/Users/1/Documents/Materias/mips-pipeline-svn/MemWb.vhd EN work/MemWb 1322940814
FL C:/Users/1/Documents/Materias/mips-pipeline-svn/mips.vhd 2011/12/18.15:17:50 J.36
EN work/mips 1324236198 \
      FL C:/Users/1/Documents/Materias/mips-pipeline-svn/mips.vhd \
      PB ieee/std_logic_1164 1179176983 PB ieee/std_logic_arith 1179176985 \
      PB ieee/STD_LOGIC_UNSIGNED 1179176991
AR work/mips/bhv_str 1324236199 \
      FL C:/Users/1/Documents/Materias/mips-pipeline-svn/mips.vhd EN work/mips 1324236198 \
      CP instruction_fetch CP ifid CP instruction_decode CP idex CP execution \
      CP exmem CP memory_acc CP memwb CP writeback
FL C:/Users/1/Documents/Materias/mips-pipeline-svn/mips_tb_selfcheck_beh.vhd 2011/09/04.12:37:26 J.36
EN work/mips_tb_selfcheck_beh 1322940820 \
      FL C:/Users/1/Documents/Materias/mips-pipeline-svn/mips_tb_selfcheck_beh.vhd \
      PB ieee/std_logic_1164 1179176983 PB ieee/std_logic_arith 1179176985 \
      PB ieee/STD_LOGIC_UNSIGNED 1179176991 PB ieee/STD_LOGIC_TEXTIO 1179176993 \
      PB std/textio 1179176969
AR work/mips_tb_selfcheck_beh/testbench_arch 1322940821 \
      FL C:/Users/1/Documents/Materias/mips-pipeline-svn/mips_tb_selfcheck_beh.vhd \
      EN work/mips_tb_selfcheck_beh 1322940820 CP mips PB ieee/STD_LOGIC_TEXTIO 1179176993
FL C:/Users/1/Documents/Materias/mips-pipeline-svn/mux_2x32.vhd 2011/12/17.19:45:51 J.36
EN work/mux_2x32 1324162148 \
      FL C:/Users/1/Documents/Materias/mips-pipeline-svn/mux_2x32.vhd \
      PB ieee/std_logic_1164 1179176983 PB ieee/std_logic_arith 1179176985 \
      PB ieee/STD_LOGIC_UNSIGNED 1179176991
AR work/mux_2x32/Behavioral 1324162149 \
      FL C:/Users/1/Documents/Materias/mips-pipeline-svn/mux_2x32.vhd \
      EN work/mux_2x32 1324162148
FL C:/Users/1/Documents/Materias/mips-pipeline-svn/mux_2x5.vhd 2011/08/10.19:23:08 J.36
EN work/mux_2x5 1322940784 \
      FL C:/Users/1/Documents/Materias/mips-pipeline-svn/mux_2x5.vhd \
      PB ieee/std_logic_1164 1179176983 PB ieee/std_logic_arith 1179176985 \
      PB ieee/STD_LOGIC_UNSIGNED 1179176991
AR work/mux_2x5/Behavioral 1322940785 \
      FL C:/Users/1/Documents/Materias/mips-pipeline-svn/mux_2x5.vhd \
      EN work/mux_2x5 1322940784
FL C:/Users/1/Documents/Materias/mips-pipeline-svn/mux_2x9.vhd 2011/09/27.14:35:43 J.36
EN work/mux_2x9 1322940794 \
      FL C:/Users/1/Documents/Materias/mips-pipeline-svn/mux_2x9.vhd \
      PB ieee/std_logic_1164 1179176983 PB ieee/std_logic_arith 1179176985 \
      PB ieee/STD_LOGIC_UNSIGNED 1179176991
AR work/mux_2x9/Behavioral 1322940795 \
      FL C:/Users/1/Documents/Materias/mips-pipeline-svn/mux_2x9.vhd \
      EN work/mux_2x9 1322940794
FL C:/Users/1/Documents/Materias/mips-pipeline-svn/mux_4x32.vhd 2011/09/26.18:22:42 J.36
EN work/mux_3x32 1322940786 \
      FL C:/Users/1/Documents/Materias/mips-pipeline-svn/mux_4x32.vhd \
      PB ieee/std_logic_1164 1179176983 PB ieee/std_logic_arith 1179176985 \
      PB ieee/STD_LOGIC_UNSIGNED 1179176991
AR work/mux_3x32/Behavioral 1322940787 \
      FL C:/Users/1/Documents/Materias/mips-pipeline-svn/mux_4x32.vhd \
      EN work/mux_3x32 1322940786
FL C:/Users/1/Documents/Materias/mips-pipeline-svn/reg32b.vhd 2011/09/27.15:59:10 J.36
EN work/reg32bit 1322940798 \
      FL C:/Users/1/Documents/Materias/mips-pipeline-svn/reg32b.vhd \
      PB ieee/std_logic_1164 1179176983 PB ieee/std_logic_arith 1179176985 \
      PB ieee/STD_LOGIC_UNSIGNED 1179176991
AR work/reg32bit/bhv 1322940799 \
      FL C:/Users/1/Documents/Materias/mips-pipeline-svn/reg32b.vhd \
      EN work/reg32bit 1322940798
FL C:/Users/1/Documents/Materias/mips-pipeline-svn/tes.vhw 2011/12/16.11:29:12 J.36
EN work/tes 1324048012 FL C:/Users/1/Documents/Materias/mips-pipeline-svn/tes.vhw \
      PB ieee/std_logic_1164 1179176983 PB ieee/std_logic_arith 1179176985 \
      PB ieee/STD_LOGIC_UNSIGNED 1179176991 PB ieee/STD_LOGIC_TEXTIO 1179176993 \
      PB std/textio 1179176969
AR work/tes/testbench_arch 1324048013 \
      FL C:/Users/1/Documents/Materias/mips-pipeline-svn/tes.vhw EN work/tes 1324048012 \
      CP mips
FL C:/Users/1/Documents/Materias/mips-pipeline-svn/test.vhw 2011/12/16.14:13:22 J.36
EN work/test 1324055612 \
      FL C:/Users/1/Documents/Materias/mips-pipeline-svn/test.vhw \
      PB ieee/std_logic_1164 1179176983 PB ieee/std_logic_arith 1179176985 \
      PB ieee/STD_LOGIC_UNSIGNED 1179176991 PB ieee/STD_LOGIC_TEXTIO 1179176993 \
      PB std/textio 1179176969
AR work/test/testbench_arch 1324055613 \
      FL C:/Users/1/Documents/Materias/mips-pipeline-svn/test.vhw EN work/test 1324055612 \
      CP mips
FL C:/Users/1/Documents/Materias/mips-pipeline-svn/test2.vhw 2011/12/16.12:07:51 J.36
EN work/test2 1324055540 \
      FL C:/Users/1/Documents/Materias/mips-pipeline-svn/test2.vhw \
      PB ieee/std_logic_1164 1179176983 PB ieee/std_logic_arith 1179176985 \
      PB ieee/STD_LOGIC_UNSIGNED 1179176991 PB ieee/STD_LOGIC_TEXTIO 1179176993 \
      PB std/textio 1179176969
AR work/test2/testbench_arch 1324055541 \
      FL C:/Users/1/Documents/Materias/mips-pipeline-svn/test2.vhw EN work/test2 1324055540 \
      CP mips
FL C:/Users/1/Documents/Materias/mips-pipeline-svn/test3.vhw 2011/12/16.14:15:41 J.36
EN work/test3 1324056740 \
      FL C:/Users/1/Documents/Materias/mips-pipeline-svn/test3.vhw \
      PB ieee/std_logic_1164 1179176983 PB ieee/std_logic_arith 1179176985 \
      PB ieee/STD_LOGIC_UNSIGNED 1179176991 PB ieee/STD_LOGIC_TEXTIO 1179176993 \
      PB std/textio 1179176969
AR work/test3/testbench_arch 1324056741 \
      FL C:/Users/1/Documents/Materias/mips-pipeline-svn/test3.vhw EN work/test3 1324056740 \
      CP mips
FL C:/Users/1/Documents/Materias/mips-pipeline-svn/testcompleto.vhw 2011/12/17.19:30:06 J.36
EN work/testcompleto 1324164977 \
      FL C:/Users/1/Documents/Materias/mips-pipeline-svn/testcompleto.vhw \
      PB ieee/std_logic_1164 1179176983 PB ieee/std_logic_arith 1179176985 \
      PB ieee/STD_LOGIC_UNSIGNED 1179176991 PB ieee/STD_LOGIC_TEXTIO 1179176993 \
      PB std/textio 1179176969
AR work/testcompleto/testbench_arch 1324164978 \
      FL C:/Users/1/Documents/Materias/mips-pipeline-svn/testcompleto.vhw \
      EN work/testcompleto 1324164977 CP mips
FL C:/Users/1/Documents/Materias/mips-pipeline-svn/testdecod.vhw 2011/12/17.16:26:53 J.36
EN work/testdecod 1324150029 \
      FL C:/Users/1/Documents/Materias/mips-pipeline-svn/testdecod.vhw \
      PB ieee/std_logic_1164 1179176983 PB ieee/std_logic_arith 1179176985 \
      PB ieee/STD_LOGIC_UNSIGNED 1179176991 PB ieee/STD_LOGIC_TEXTIO 1179176993 \
      PB std/textio 1179176969
AR work/testdecod/testbench_arch 1324150030 \
      FL C:/Users/1/Documents/Materias/mips-pipeline-svn/testdecod.vhw \
      EN work/testdecod 1324150029 CP instruction_decode
FL C:/Users/1/Documents/Materias/mips-pipeline-svn/testifetch.vhw 2011/12/16.15:02:17 J.36
EN work/testifetch 1324058552 \
      FL C:/Users/1/Documents/Materias/mips-pipeline-svn/testifetch.vhw \
      PB ieee/std_logic_1164 1179176983 PB ieee/std_logic_arith 1179176985 \
      PB ieee/STD_LOGIC_UNSIGNED 1179176991 PB ieee/STD_LOGIC_TEXTIO 1179176993 \
      PB std/textio 1179176969
AR work/testifetch/testbench_arch 1324058553 \
      FL C:/Users/1/Documents/Materias/mips-pipeline-svn/testifetch.vhw \
      EN work/testifetch 1324058552 CP instruction_fetch
FL C:/Users/1/Documents/Materias/mips-pipeline-svn/test_1.vhw 2011/12/18.13:25:42 J.36
EN work/test_1 1324226001 \
      FL C:/Users/1/Documents/Materias/mips-pipeline-svn/test_1.vhw \
      PB ieee/std_logic_1164 1179176983 PB ieee/std_logic_arith 1179176985 \
      PB ieee/STD_LOGIC_UNSIGNED 1179176991 PB ieee/STD_LOGIC_TEXTIO 1179176993 \
      PB std/textio 1179176969
AR work/test_1/testbench_arch 1324226002 \
      FL C:/Users/1/Documents/Materias/mips-pipeline-svn/test_1.vhw \
      EN work/test_1 1324226001 CP mips
FL C:/Users/1/Documents/Materias/mips-pipeline-svn/test_2.vhw 2011/12/18.13:34:15 J.36
EN work/test_2 1324226070 \
      FL C:/Users/1/Documents/Materias/mips-pipeline-svn/test_2.vhw \
      PB ieee/std_logic_1164 1179176983 PB ieee/std_logic_arith 1179176985 \
      PB ieee/STD_LOGIC_UNSIGNED 1179176991 PB ieee/STD_LOGIC_TEXTIO 1179176993 \
      PB std/textio 1179176969
AR work/test_2/testbench_arch 1324226071 \
      FL C:/Users/1/Documents/Materias/mips-pipeline-svn/test_2.vhw \
      EN work/test_2 1324226070 CP mips
FL C:/Users/1/Documents/Materias/mips-pipeline-svn/test_3.vhw 2011/12/18.13:49:52 J.36
EN work/test_3 1324230223 \
      FL C:/Users/1/Documents/Materias/mips-pipeline-svn/test_3.vhw \
      PB ieee/std_logic_1164 1179176983 PB ieee/std_logic_arith 1179176985 \
      PB ieee/STD_LOGIC_UNSIGNED 1179176991 PB ieee/STD_LOGIC_TEXTIO 1179176993 \
      PB std/textio 1179176969
AR work/test_3/testbench_arch 1324230224 \
      FL C:/Users/1/Documents/Materias/mips-pipeline-svn/test_3.vhw \
      EN work/test_3 1324230223 CP mips
FL C:/Users/1/Documents/Materias/mips-pipeline-svn/test_4.vhw 2011/12/18.14:44:54 J.36
EN work/test_4 1324230308 \
      FL C:/Users/1/Documents/Materias/mips-pipeline-svn/test_4.vhw \
      PB ieee/std_logic_1164 1179176983 PB ieee/std_logic_arith 1179176985 \
      PB ieee/STD_LOGIC_UNSIGNED 1179176991 PB ieee/STD_LOGIC_TEXTIO 1179176993 \
      PB std/textio 1179176969
AR work/test_4/testbench_arch 1324230309 \
      FL C:/Users/1/Documents/Materias/mips-pipeline-svn/test_4.vhw \
      EN work/test_4 1324230308 CP mips
FL C:/Users/1/Documents/Materias/mips-pipeline-svn/test_5.vhw 2011/12/18.15:21:06 J.36
EN work/test_5 1324236200 \
      FL C:/Users/1/Documents/Materias/mips-pipeline-svn/test_5.vhw \
      PB ieee/std_logic_1164 1179176983 PB ieee/std_logic_arith 1179176985 \
      PB ieee/STD_LOGIC_UNSIGNED 1179176991 PB ieee/STD_LOGIC_TEXTIO 1179176993 \
      PB std/textio 1179176969
AR work/test_5/testbench_arch 1324236201 \
      FL C:/Users/1/Documents/Materias/mips-pipeline-svn/test_5.vhw \
      EN work/test_5 1324236200 CP mips
FL C:/Users/1/Documents/Materias/mips-pipeline-svn/test_completo.vhw 2011/12/17.16:49:24 J.36
EN work/test_completo 1324151385 \
      FL C:/Users/1/Documents/Materias/mips-pipeline-svn/test_completo.vhw \
      PB ieee/std_logic_1164 1179176983 PB ieee/std_logic_arith 1179176985 \
      PB ieee/STD_LOGIC_UNSIGNED 1179176991 PB ieee/STD_LOGIC_TEXTIO 1179176993 \
      PB std/textio 1179176969
AR work/test_completo/testbench_arch 1324151386 \
      FL C:/Users/1/Documents/Materias/mips-pipeline-svn/test_completo.vhw \
      EN work/test_completo 1324151385 CP mips
FL C:/Users/1/Documents/Materias/mips-pipeline-svn/test_exmem.vhw 2011/12/17.18:57:10 J.36
EN work/test_exmem 1324159043 \
      FL C:/Users/1/Documents/Materias/mips-pipeline-svn/test_exmem.vhw \
      PB ieee/std_logic_1164 1179176983 PB ieee/std_logic_arith 1179176985 \
      PB ieee/STD_LOGIC_UNSIGNED 1179176991 PB ieee/STD_LOGIC_TEXTIO 1179176993 \
      PB std/textio 1179176969
AR work/test_exmem/testbench_arch 1324159044 \
      FL C:/Users/1/Documents/Materias/mips-pipeline-svn/test_exmem.vhw \
      EN work/test_exmem 1324159043 CP exmem
FL C:/Users/1/Documents/Materias/mips-pipeline-svn/test_mips.vhw 2011/12/16.16:13:29 J.36
EN work/test_mips 1324148668 \
      FL C:/Users/1/Documents/Materias/mips-pipeline-svn/test_mips.vhw \
      PB ieee/std_logic_1164 1179176983 PB ieee/std_logic_arith 1179176985 \
      PB ieee/STD_LOGIC_UNSIGNED 1179176991 PB ieee/STD_LOGIC_TEXTIO 1179176993 \
      PB std/textio 1179176969
AR work/test_mips/testbench_arch 1324148669 \
      FL C:/Users/1/Documents/Materias/mips-pipeline-svn/test_mips.vhw \
      EN work/test_mips 1324148668 CP mips
FL C:/Users/1/Documents/Materias/mips-pipeline-svn/test_writeback.vhw 2011/12/17.19:28:46 J.36
EN work/test_writeback 1324160945 \
      FL C:/Users/1/Documents/Materias/mips-pipeline-svn/test_writeback.vhw \
      PB ieee/std_logic_1164 1179176983 PB ieee/std_logic_arith 1179176985 \
      PB ieee/STD_LOGIC_UNSIGNED 1179176991 PB ieee/STD_LOGIC_TEXTIO 1179176993 \
      PB std/textio 1179176969
AR work/test_writeback/testbench_arch 1324160946 \
      FL C:/Users/1/Documents/Materias/mips-pipeline-svn/test_writeback.vhw \
      EN work/test_writeback 1324160945 CP writeback
FL C:/Users/1/Documents/Materias/mips-pipeline-svn/tt.vhw 2011/12/17.17:18:40 J.36
EN work/tt 1324157236 FL C:/Users/1/Documents/Materias/mips-pipeline-svn/tt.vhw \
      PB ieee/std_logic_1164 1179176983 PB ieee/std_logic_arith 1179176985 \
      PB ieee/STD_LOGIC_UNSIGNED 1179176991 PB ieee/STD_LOGIC_TEXTIO 1179176993 \
      PB std/textio 1179176969
AR work/tt/testbench_arch 1324157237 \
      FL C:/Users/1/Documents/Materias/mips-pipeline-svn/tt.vhw EN work/tt 1324157236 \
      CP mips
FL C:/Users/1/Documents/Materias/mips-pipeline-svn/ttt.vhw 2011/12/17.19:05:12 J.36
EN work/ttt 1324160277 FL C:/Users/1/Documents/Materias/mips-pipeline-svn/ttt.vhw \
      PB ieee/std_logic_1164 1179176983 PB ieee/std_logic_arith 1179176985 \
      PB ieee/STD_LOGIC_UNSIGNED 1179176991 PB ieee/STD_LOGIC_TEXTIO 1179176993 \
      PB std/textio 1179176969
AR work/ttt/testbench_arch 1324160278 \
      FL C:/Users/1/Documents/Materias/mips-pipeline-svn/ttt.vhw EN work/ttt 1324160277 \
      CP mips
FL C:/Users/1/Documents/Materias/mips-pipeline-svn/t_exec.vhw 2011/12/16.15:24:02 J.36
EN work/t_exec 1324059849 \
      FL C:/Users/1/Documents/Materias/mips-pipeline-svn/t_exec.vhw \
      PB ieee/std_logic_1164 1179176983 PB ieee/std_logic_arith 1179176985 \
      PB ieee/STD_LOGIC_UNSIGNED 1179176991 PB ieee/STD_LOGIC_TEXTIO 1179176993 \
      PB std/textio 1179176969
AR work/t_exec/testbench_arch 1324059850 \
      FL C:/Users/1/Documents/Materias/mips-pipeline-svn/t_exec.vhw \
      EN work/t_exec 1324059849 CP execution
FL C:/Users/1/Documents/Materias/mips-pipeline-svn/t_memacces.vhw 2011/12/16.15:26:21 J.36
EN work/t_memacces 1324059997 \
      FL C:/Users/1/Documents/Materias/mips-pipeline-svn/t_memacces.vhw \
      PB ieee/std_logic_1164 1179176983 PB ieee/std_logic_arith 1179176985 \
      PB ieee/STD_LOGIC_UNSIGNED 1179176991 PB ieee/STD_LOGIC_TEXTIO 1179176993 \
      PB std/textio 1179176969
AR work/t_memacces/testbench_arch 1324059998 \
      FL C:/Users/1/Documents/Materias/mips-pipeline-svn/t_memacces.vhw \
      EN work/t_memacces 1324059997 CP memory_acc
FL C:/Users/1/Documents/Materias/mips-pipeline-svn/Unidad_Deteccion_Riesgos.vhd 2011/09/27.16:16:56 J.36
EN work/Unidad_Deteccion_Riesgos 1322940796 \
      FL C:/Users/1/Documents/Materias/mips-pipeline-svn/Unidad_Deteccion_Riesgos.vhd \
      PB ieee/std_logic_1164 1179176983 PB ieee/std_logic_arith 1179176985 \
      PB ieee/STD_LOGIC_UNSIGNED 1179176991
AR work/Unidad_Deteccion_Riesgos/Behavioral 1322940797 \
      FL C:/Users/1/Documents/Materias/mips-pipeline-svn/Unidad_Deteccion_Riesgos.vhd \
      EN work/Unidad_Deteccion_Riesgos 1322940796
FL C:/Users/1/Documents/Materias/mips-pipeline-svn/writeback.vhd 2011/12/17.18:08:46 J.36
EN work/writeback 1324162158 \
      FL C:/Users/1/Documents/Materias/mips-pipeline-svn/writeback.vhd \
      PB ieee/std_logic_1164 1179176983 PB ieee/std_logic_arith 1179176985 \
      PB ieee/STD_LOGIC_UNSIGNED 1179176991
AR work/writeback/Behavioral 1324162159 \
      FL C:/Users/1/Documents/Materias/mips-pipeline-svn/writeback.vhd \
      EN work/writeback 1324162158 CP mux_2x32
