AR mux_2x9 behavioral C:/Users/1/Documents/Materias/mips-pipeline-svn/mux_2x9.vhd sub00/vhpl47 1322940788
AR ifid behavioral C:/Users/1/Documents/Materias/mips-pipeline-svn/IFID.vhd sub00/vhpl23 1322940796
EN exmem NULL C:/Users/1/Documents/Materias/mips-pipeline-svn/Exmem.vhd sub00/vhpl30 1322940803
EN memwb NULL C:/Users/1/Documents/Materias/mips-pipeline-svn/MemWb.vhd sub00/vhpl34 1322940807
AR unidad_deteccion_riesgos behavioral C:/Users/1/Documents/Materias/mips-pipeline-svn/Unidad_Deteccion_Riesgos.vhd sub00/vhpl49 1322940790
EN writeback NULL C:/Users/1/Documents/Materias/mips-pipeline-svn/writeback.vhd sub00/vhpl36 1322940809
EN instruction_fetch NULL C:/Users/1/Documents/Materias/mips-pipeline-svn/instruction_fetch.vhd sub00/vhpl20 1322940793
EN idex NULL C:/Users/1/Documents/Materias/mips-pipeline-svn/IDEX.vhd sub00/vhpl26 1322940799
AR mux_2x5 behavioral C:/Users/1/Documents/Materias/mips-pipeline-svn/mux_2x5.vhd sub00/vhpl13 1322940778
AR instruction_decode behavioral C:/Users/1/Documents/Materias/mips-pipeline-svn/instruction_decode.vhd sub00/vhpl25 1322940798
AR execution behavioral C:/Users/1/Documents/Materias/mips-pipeline-svn/execution.vhd sub00/vhpl29 1322940802
EN alu_1bit NULL C:/Users/1/Documents/Materias/mips-pipeline-svn/alu_1bit.vhd sub00/vhpl02 1322940767
EN control_principal NULL C:/Users/1/Documents/Materias/mips-pipeline-svn/Control_Principal.vhd sub00/vhpl16 1322940785
EN memory_acc NULL C:/Users/1/Documents/Materias/mips-pipeline-svn/memory_acc.vhd sub00/vhpl32 1322940805
EN unidad_deteccion_riesgos NULL C:/Users/1/Documents/Materias/mips-pipeline-svn/Unidad_Deteccion_Riesgos.vhd sub00/vhpl48 1322940789
AR alu_32b behavioral C:/Users/1/Documents/Materias/mips-pipeline-svn/alu_32bit.vhd sub00/vhpl09 1322940774
EN execution NULL C:/Users/1/Documents/Materias/mips-pipeline-svn/execution.vhd sub00/vhpl28 1322940801
AR idex behavioral C:/Users/1/Documents/Materias/mips-pipeline-svn/IDEX.vhd sub00/vhpl27 1322940800
AR anticipacion behavioral C:/Users/1/Documents/Materias/mips-pipeline-svn/ANTICIPACION.vhd sub00/vhpl45 1322940782
EN mux_3x32 NULL C:/Users/1/Documents/Materias/mips-pipeline-svn/mux_4x32.vhd sub00/vhpl42 1322940779
AR mips bhv_str C:/Users/1/Documents/Materias/mips-pipeline-svn/mips.vhd sub00/vhpl39 1322940812
AR memwb behavioral C:/Users/1/Documents/Materias/mips-pipeline-svn/MemWb.vhd sub00/vhpl35 1322940808
AR memoria bhv C:/Users/1/Documents/Materias/mips-pipeline-svn/memoria.vhd sub00/vhpl07 1322940772
EN instruction_decode NULL C:/Users/1/Documents/Materias/mips-pipeline-svn/instruction_decode.vhd sub00/vhpl24 1322940797
AR reg_file arch C:/Users/1/Documents/Materias/mips-pipeline-svn/banco_registros.vhd sub00/vhpl15 1322940784
EN ifid NULL C:/Users/1/Documents/Materias/mips-pipeline-svn/IFID.vhd sub00/vhpl22 1322940795
AR control_alu behavioral C:/Users/1/Documents/Materias/mips-pipeline-svn/Control_ALU.vhd sub00/vhpl11 1322940776
EN reg32bit NULL C:/Users/1/Documents/Materias/mips-pipeline-svn/reg32b.vhd sub00/vhpl18 1322940791
EN alu_32b NULL C:/Users/1/Documents/Materias/mips-pipeline-svn/alu_32bit.vhd sub00/vhpl08 1322940773
EN reg_file NULL C:/Users/1/Documents/Materias/mips-pipeline-svn/banco_registros.vhd sub00/vhpl14 1322940783
AR memory_acc behavioral C:/Users/1/Documents/Materias/mips-pipeline-svn/memory_acc.vhd sub00/vhpl33 1322940806
EN full_adder NULL C:/Users/1/Documents/Materias/mips-pipeline-svn/full_adder.vhd sub00/vhpl00 1322940765
AR instruction_fetch behavioral C:/Users/1/Documents/Materias/mips-pipeline-svn/instruction_fetch.vhd sub00/vhpl21 1322940794
EN mips NULL C:/Users/1/Documents/Materias/mips-pipeline-svn/mips.vhd sub00/vhpl38 1322940811
EN memoria NULL C:/Users/1/Documents/Materias/mips-pipeline-svn/memoria.vhd sub00/vhpl06 1322940771
EN mux_2x32 NULL C:/Users/1/Documents/Materias/mips-pipeline-svn/mux_2x32.vhd sub00/vhpl04 1322940769
AR full_adder full_adder_arq C:/Users/1/Documents/Materias/mips-pipeline-svn/full_adder.vhd sub00/vhpl01 1322940766
AR alu_1bit behavioral C:/Users/1/Documents/Materias/mips-pipeline-svn/alu_1bit.vhd sub00/vhpl03 1322940768
AR mips_tb_selfcheck_beh testbench_arch C:/Users/1/Documents/Materias/mips-pipeline-svn/mips_tb_selfcheck_beh.vhd sub00/vhpl41 1322940814
AR exmem behavioral C:/Users/1/Documents/Materias/mips-pipeline-svn/Exmem.vhd sub00/vhpl31 1322940804
AR mux_2x32 behavioral C:/Users/1/Documents/Materias/mips-pipeline-svn/mux_2x32.vhd sub00/vhpl05 1322940770
AR reg32bit bhv C:/Users/1/Documents/Materias/mips-pipeline-svn/reg32b.vhd sub00/vhpl19 1322940792
EN control_alu NULL C:/Users/1/Documents/Materias/mips-pipeline-svn/Control_ALU.vhd sub00/vhpl10 1322940775
AR writeback behavioral C:/Users/1/Documents/Materias/mips-pipeline-svn/writeback.vhd sub00/vhpl37 1322940810
AR control_principal behavioral C:/Users/1/Documents/Materias/mips-pipeline-svn/Control_Principal.vhd sub00/vhpl17 1322940786
EN mux_2x5 NULL C:/Users/1/Documents/Materias/mips-pipeline-svn/mux_2x5.vhd sub00/vhpl12 1322940777
EN mips_tb_selfcheck_beh NULL C:/Users/1/Documents/Materias/mips-pipeline-svn/mips_tb_selfcheck_beh.vhd sub00/vhpl40 1322940813
EN mux_2x9 NULL C:/Users/1/Documents/Materias/mips-pipeline-svn/mux_2x9.vhd sub00/vhpl46 1322940787
EN anticipacion NULL C:/Users/1/Documents/Materias/mips-pipeline-svn/ANTICIPACION.vhd sub00/vhpl44 1322940781
AR mux_3x32 behavioral C:/Users/1/Documents/Materias/mips-pipeline-svn/mux_4x32.vhd sub00/vhpl43 1322940780
